Archive member included to satisfy reference by file (symbol)

./libHAL.a(LED.o)             /tmp/ccsTjhGC.o (Led_Init)
./libHAL.a(SSD.o)             /tmp/ccsTjhGC.o (SSD_Init)
./libHAL.a(SWITCH.o)          /tmp/ccsTjhGC.o (SWITCH_Init)
./libHAL.a(LED_CONFIG.o)      ./libHAL.a(LED.o) (ArrOfLeds)
./libHAL.a(SSD_CONFIG.o)      ./libHAL.a(SSD.o) (arrOfSSD)
./libHAL.a(SWITCH_CONFIG.o)   ./libHAL.a(SWITCH.o) (arrOfSwitches)
./libMCAL.a(DIO.o)            ./libHAL.a(LED.o) (DIO_enumSetPin)
./libMCAL.a(PORT.o)           ./libHAL.a(LED.o) (PORT_vidInit)
/home/nourmoharram/x-tools/avr/lib/gcc/avr/11.2.0/avr5/libgcc.a(_exit.o)
                              /home/nourmoharram/x-tools/avr/lib/gcc/avr/11.2.0/../../../../avr/lib/avr5/crtatmega32.o (exit)
/home/nourmoharram/x-tools/avr/lib/gcc/avr/11.2.0/avr5/libgcc.a(_copy_data.o)
                              /tmp/ccsTjhGC.o (__do_copy_data)
/home/nourmoharram/x-tools/avr/lib/gcc/avr/11.2.0/avr5/libgcc.a(_clear_bss.o)
                              /tmp/ccsTjhGC.o (__do_clear_bss)

Memory Configuration

Name             Origin             Length             Attributes
text             0x0000000000000000 0x0000000000020000 xr
data             0x0000000000800060 0x000000000000ffa0 rw !x
eeprom           0x0000000000810000 0x0000000000010000 rw !x
fuse             0x0000000000820000 0x0000000000000400 rw !x
lock             0x0000000000830000 0x0000000000000400 rw !x
signature        0x0000000000840000 0x0000000000000400 rw !x
user_signatures  0x0000000000850000 0x0000000000000400 rw !x
*default*        0x0000000000000000 0xffffffffffffffff

Linker script and memory map

LOAD /home/nourmoharram/x-tools/avr/lib/gcc/avr/11.2.0/../../../../avr/lib/avr5/crtatmega32.o
LOAD /tmp/cct2OWgh.o
LOAD /tmp/ccsTjhGC.o
LOAD /tmp/ccaBPjY7.o
LOAD ./libHAL.a
LOAD ./libMCAL.a
START GROUP
LOAD /home/nourmoharram/x-tools/avr/lib/gcc/avr/11.2.0/avr5/libgcc.a
LOAD /home/nourmoharram/x-tools/avr/lib/gcc/avr/11.2.0/../../../../avr/lib/avr5/libm.a
LOAD /home/nourmoharram/x-tools/avr/lib/gcc/avr/11.2.0/../../../../avr/lib/avr5/libc.a
LOAD /home/nourmoharram/x-tools/avr/lib/gcc/avr/11.2.0/../../../../avr/lib/avr5/libatmega32.a
END GROUP
                0x0000000000020000                __TEXT_REGION_LENGTH__ = DEFINED (__TEXT_REGION_LENGTH__)?__TEXT_REGION_LENGTH__:0x20000
                0x000000000000ffa0                __DATA_REGION_LENGTH__ = DEFINED (__DATA_REGION_LENGTH__)?__DATA_REGION_LENGTH__:0xffa0
                0x0000000000010000                __EEPROM_REGION_LENGTH__ = DEFINED (__EEPROM_REGION_LENGTH__)?__EEPROM_REGION_LENGTH__:0x10000
                0x0000000000000400                __FUSE_REGION_LENGTH__ = DEFINED (__FUSE_REGION_LENGTH__)?__FUSE_REGION_LENGTH__:0x400
                0x0000000000000400                __LOCK_REGION_LENGTH__ = DEFINED (__LOCK_REGION_LENGTH__)?__LOCK_REGION_LENGTH__:0x400
                0x0000000000000400                __SIGNATURE_REGION_LENGTH__ = DEFINED (__SIGNATURE_REGION_LENGTH__)?__SIGNATURE_REGION_LENGTH__:0x400
                0x0000000000000400                __USER_SIGNATURE_REGION_LENGTH__ = DEFINED (__USER_SIGNATURE_REGION_LENGTH__)?__USER_SIGNATURE_REGION_LENGTH__:0x400

.hash
 *(.hash)

.dynsym
 *(.dynsym)

.dynstr
 *(.dynstr)

.gnu.version
 *(.gnu.version)

.gnu.version_d
 *(.gnu.version_d)

.gnu.version_r
 *(.gnu.version_r)

.rel.init
 *(.rel.init)

.rela.init
 *(.rela.init)

.rel.text
 *(.rel.text)
 *(.rel.text.*)
 *(.rel.gnu.linkonce.t*)

.rela.text
 *(.rela.text)
 *(.rela.text.*)
 *(.rela.gnu.linkonce.t*)

.rel.fini
 *(.rel.fini)

.rela.fini
 *(.rela.fini)

.rel.rodata
 *(.rel.rodata)
 *(.rel.rodata.*)
 *(.rel.gnu.linkonce.r*)

.rela.rodata
 *(.rela.rodata)
 *(.rela.rodata.*)
 *(.rela.gnu.linkonce.r*)

.rel.data
 *(.rel.data)
 *(.rel.data.*)
 *(.rel.gnu.linkonce.d*)

.rela.data
 *(.rela.data)
 *(.rela.data.*)
 *(.rela.gnu.linkonce.d*)

.rel.ctors
 *(.rel.ctors)

.rela.ctors
 *(.rela.ctors)

.rel.dtors
 *(.rel.dtors)

.rela.dtors
 *(.rela.dtors)

.rel.got
 *(.rel.got)

.rela.got
 *(.rela.got)

.rel.bss
 *(.rel.bss)

.rela.bss
 *(.rela.bss)

.rel.plt
 *(.rel.plt)

.rela.plt
 *(.rela.plt)

.text           0x0000000000000000     0x1b7e
 *(.vectors)
 .vectors       0x0000000000000000       0x54 /home/nourmoharram/x-tools/avr/lib/gcc/avr/11.2.0/../../../../avr/lib/avr5/crtatmega32.o
                0x0000000000000000                __vectors
                0x0000000000000000                __vector_default
 *(.vectors)
 *(.progmem.gcc*)
                0x0000000000000054                . = ALIGN (0x2)
                0x0000000000000054                __trampolines_start = .
 *(.trampolines)
 .trampolines   0x0000000000000054        0x0 linker stubs
 *(.trampolines*)
                0x0000000000000054                __trampolines_end = .
 *libprintf_flt.a:*(.progmem.data)
 *libc.a:*(.progmem.data)
 *(.progmem.*)
                0x0000000000000054                . = ALIGN (0x2)
 *(.lowtext)
 *(.lowtext*)
                0x0000000000000054                __ctors_start = .
 *(.ctors)
                0x0000000000000054                __ctors_end = .
                0x0000000000000054                __dtors_start = .
 *(.dtors)
                0x0000000000000054                __dtors_end = .
 SORT_BY_NAME(*)(.ctors)
 SORT_BY_NAME(*)(.dtors)
 *(.init0)
 .init0         0x0000000000000054        0x0 /home/nourmoharram/x-tools/avr/lib/gcc/avr/11.2.0/../../../../avr/lib/avr5/crtatmega32.o
                0x0000000000000054                __init
 *(.init0)
 *(.init1)
 *(.init1)
 *(.init2)
 .init2         0x0000000000000054        0xc /home/nourmoharram/x-tools/avr/lib/gcc/avr/11.2.0/../../../../avr/lib/avr5/crtatmega32.o
 *(.init2)
 *(.init3)
 *(.init3)
 *(.init4)
 .init4         0x0000000000000060       0x16 /home/nourmoharram/x-tools/avr/lib/gcc/avr/11.2.0/avr5/libgcc.a(_copy_data.o)
                0x0000000000000060                __do_copy_data
 .init4         0x0000000000000076       0x10 /home/nourmoharram/x-tools/avr/lib/gcc/avr/11.2.0/avr5/libgcc.a(_clear_bss.o)
                0x0000000000000076                __do_clear_bss
 *(.init4)
 *(.init5)
 *(.init5)
 *(.init6)
 *(.init6)
 *(.init7)
 *(.init7)
 *(.init8)
 *(.init8)
 *(.init9)
 .init9         0x0000000000000086        0x8 /home/nourmoharram/x-tools/avr/lib/gcc/avr/11.2.0/../../../../avr/lib/avr5/crtatmega32.o
 *(.init9)
 *(.text)
 .text          0x000000000000008e        0x4 /home/nourmoharram/x-tools/avr/lib/gcc/avr/11.2.0/../../../../avr/lib/avr5/crtatmega32.o
                0x000000000000008e                __vector_1
                0x000000000000008e                __vector_12
                0x000000000000008e                __bad_interrupt
                0x000000000000008e                __vector_6
                0x000000000000008e                __vector_3
                0x000000000000008e                __vector_11
                0x000000000000008e                __vector_13
                0x000000000000008e                __vector_17
                0x000000000000008e                __vector_19
                0x000000000000008e                __vector_7
                0x000000000000008e                __vector_5
                0x000000000000008e                __vector_4
                0x000000000000008e                __vector_9
                0x000000000000008e                __vector_2
                0x000000000000008e                __vector_15
                0x000000000000008e                __vector_8
                0x000000000000008e                __vector_14
                0x000000000000008e                __vector_10
                0x000000000000008e                __vector_16
                0x000000000000008e                __vector_18
                0x000000000000008e                __vector_20
 .text          0x0000000000000092       0x12 /tmp/cct2OWgh.o
                0x0000000000000092                main
 .text          0x00000000000000a4      0x244 /tmp/ccsTjhGC.o
                0x00000000000000a4                APP_Init
                0x00000000000000c6                APP_Start
                0x00000000000001a2                Increment_Timer
                0x00000000000001f2                Decrement_Timer
                0x000000000000024c                Count_Down
 .text          0x00000000000002e8       0xbc /tmp/ccaBPjY7.o
                0x00000000000002e8                Delay_ms
 .text          0x00000000000003a4      0x3f0 ./libHAL.a(LED.o)
                0x00000000000003a4                Led_Init
                0x0000000000000630                LED_enuSetLedState
                0x00000000000006f6                LED_enuTogLedState
 .text          0x0000000000000794      0x63e ./libHAL.a(SSD.o)
                0x0000000000000794                SSD_Init
                0x0000000000000b20                SSD_enuSetValue
                0x0000000000000bf0                SSDs_SetValue
 .text          0x0000000000000dd2      0x220 ./libHAL.a(SWITCH.o)
                0x0000000000000dd2                SWITCH_Init
                0x0000000000000f40                SWITCH_enuSetSwitchState
 .text          0x0000000000000ff2        0x0 ./libHAL.a(LED_CONFIG.o)
 .text          0x0000000000000ff2        0x0 ./libHAL.a(SSD_CONFIG.o)
 .text          0x0000000000000ff2        0x0 ./libHAL.a(SWITCH_CONFIG.o)
 .text          0x0000000000000ff2      0x674 ./libMCAL.a(DIO.o)
                0x0000000000000ff2                DIO_enumSetPin
                0x0000000000001228                DIO_enumSetPort
                0x0000000000001354                DIO_enumReadState
                0x0000000000001496                DIO_enumTogglePinState
                0x00000000000015bc                DIO_enumAssignPortLogicalStatus
 .text          0x0000000000001666      0x514 ./libMCAL.a(PORT.o)
                0x0000000000001666                PORT_vidInit
 .text          0x0000000000001b7a        0x0 /home/nourmoharram/x-tools/avr/lib/gcc/avr/11.2.0/avr5/libgcc.a(_exit.o)
 .text          0x0000000000001b7a        0x0 /home/nourmoharram/x-tools/avr/lib/gcc/avr/11.2.0/avr5/libgcc.a(_copy_data.o)
 .text          0x0000000000001b7a        0x0 /home/nourmoharram/x-tools/avr/lib/gcc/avr/11.2.0/avr5/libgcc.a(_clear_bss.o)
                0x0000000000001b7a                . = ALIGN (0x2)
 *(.text.*)
 .text.libgcc.mul
                0x0000000000001b7a        0x0 /home/nourmoharram/x-tools/avr/lib/gcc/avr/11.2.0/avr5/libgcc.a(_exit.o)
 .text.libgcc.div
                0x0000000000001b7a        0x0 /home/nourmoharram/x-tools/avr/lib/gcc/avr/11.2.0/avr5/libgcc.a(_exit.o)
 .text.libgcc   0x0000000000001b7a        0x0 /home/nourmoharram/x-tools/avr/lib/gcc/avr/11.2.0/avr5/libgcc.a(_exit.o)
 .text.libgcc.prologue
                0x0000000000001b7a        0x0 /home/nourmoharram/x-tools/avr/lib/gcc/avr/11.2.0/avr5/libgcc.a(_exit.o)
 .text.libgcc.builtins
                0x0000000000001b7a        0x0 /home/nourmoharram/x-tools/avr/lib/gcc/avr/11.2.0/avr5/libgcc.a(_exit.o)
 .text.libgcc.fmul
                0x0000000000001b7a        0x0 /home/nourmoharram/x-tools/avr/lib/gcc/avr/11.2.0/avr5/libgcc.a(_exit.o)
 .text.libgcc.fixed
                0x0000000000001b7a        0x0 /home/nourmoharram/x-tools/avr/lib/gcc/avr/11.2.0/avr5/libgcc.a(_exit.o)
 .text.libgcc.mul
                0x0000000000001b7a        0x0 /home/nourmoharram/x-tools/avr/lib/gcc/avr/11.2.0/avr5/libgcc.a(_copy_data.o)
 .text.libgcc.div
                0x0000000000001b7a        0x0 /home/nourmoharram/x-tools/avr/lib/gcc/avr/11.2.0/avr5/libgcc.a(_copy_data.o)
 .text.libgcc   0x0000000000001b7a        0x0 /home/nourmoharram/x-tools/avr/lib/gcc/avr/11.2.0/avr5/libgcc.a(_copy_data.o)
 .text.libgcc.prologue
                0x0000000000001b7a        0x0 /home/nourmoharram/x-tools/avr/lib/gcc/avr/11.2.0/avr5/libgcc.a(_copy_data.o)
 .text.libgcc.builtins
                0x0000000000001b7a        0x0 /home/nourmoharram/x-tools/avr/lib/gcc/avr/11.2.0/avr5/libgcc.a(_copy_data.o)
 .text.libgcc.fmul
                0x0000000000001b7a        0x0 /home/nourmoharram/x-tools/avr/lib/gcc/avr/11.2.0/avr5/libgcc.a(_copy_data.o)
 .text.libgcc.fixed
                0x0000000000001b7a        0x0 /home/nourmoharram/x-tools/avr/lib/gcc/avr/11.2.0/avr5/libgcc.a(_copy_data.o)
 .text.libgcc.mul
                0x0000000000001b7a        0x0 /home/nourmoharram/x-tools/avr/lib/gcc/avr/11.2.0/avr5/libgcc.a(_clear_bss.o)
 .text.libgcc.div
                0x0000000000001b7a        0x0 /home/nourmoharram/x-tools/avr/lib/gcc/avr/11.2.0/avr5/libgcc.a(_clear_bss.o)
 .text.libgcc   0x0000000000001b7a        0x0 /home/nourmoharram/x-tools/avr/lib/gcc/avr/11.2.0/avr5/libgcc.a(_clear_bss.o)
 .text.libgcc.prologue
                0x0000000000001b7a        0x0 /home/nourmoharram/x-tools/avr/lib/gcc/avr/11.2.0/avr5/libgcc.a(_clear_bss.o)
 .text.libgcc.builtins
                0x0000000000001b7a        0x0 /home/nourmoharram/x-tools/avr/lib/gcc/avr/11.2.0/avr5/libgcc.a(_clear_bss.o)
 .text.libgcc.fmul
                0x0000000000001b7a        0x0 /home/nourmoharram/x-tools/avr/lib/gcc/avr/11.2.0/avr5/libgcc.a(_clear_bss.o)
 .text.libgcc.fixed
                0x0000000000001b7a        0x0 /home/nourmoharram/x-tools/avr/lib/gcc/avr/11.2.0/avr5/libgcc.a(_clear_bss.o)
                0x0000000000001b7a                . = ALIGN (0x2)
 *(.fini9)
 .fini9         0x0000000000001b7a        0x0 /home/nourmoharram/x-tools/avr/lib/gcc/avr/11.2.0/avr5/libgcc.a(_exit.o)
                0x0000000000001b7a                exit
                0x0000000000001b7a                _exit
 *(.fini9)
 *(.fini8)
 *(.fini8)
 *(.fini7)
 *(.fini7)
 *(.fini6)
 *(.fini6)
 *(.fini5)
 *(.fini5)
 *(.fini4)
 *(.fini4)
 *(.fini3)
 *(.fini3)
 *(.fini2)
 *(.fini2)
 *(.fini1)
 *(.fini1)
 *(.fini0)
 .fini0         0x0000000000001b7a        0x4 /home/nourmoharram/x-tools/avr/lib/gcc/avr/11.2.0/avr5/libgcc.a(_exit.o)
 *(.fini0)
 *(.hightext)
 *(.hightext*)
 *(.progmemx.*)
                0x0000000000001b7e                . = ALIGN (0x2)
 *(.jumptables)
 *(.jumptables*)
                0x0000000000001b7e                _etext = .

.data           0x0000000000800060       0x3a load address 0x0000000000001b7e
                0x0000000000800060                PROVIDE (__data_start = .)
 *(.data)
 .data          0x0000000000800060        0x0 /home/nourmoharram/x-tools/avr/lib/gcc/avr/11.2.0/../../../../avr/lib/avr5/crtatmega32.o
 .data          0x0000000000800060        0x0 /tmp/cct2OWgh.o
 .data          0x0000000000800060        0x3 /tmp/ccsTjhGC.o
                0x0000000000800060                Switch_one_status
                0x0000000000800061                Switch_two_status
                0x0000000000800062                Switch_three_status
 .data          0x0000000000800063        0x0 /tmp/ccaBPjY7.o
 .data          0x0000000000800063        0x0 ./libHAL.a(LED.o)
 .data          0x0000000000800063        0xa ./libHAL.a(SSD.o)
                0x0000000000800063                Seven_Segment_arr
 .data          0x000000000080006d        0x0 ./libHAL.a(SWITCH.o)
 .data          0x000000000080006d       0x18 ./libHAL.a(LED_CONFIG.o)
                0x000000000080006d                ArrOfLeds
 .data          0x0000000000800085        0x8 ./libHAL.a(SSD_CONFIG.o)
                0x0000000000800085                arrOfSSD
 .data          0x000000000080008d        0xc ./libHAL.a(SWITCH_CONFIG.o)
                0x000000000080008d                arrOfSwitches
 .data          0x0000000000800099        0x0 ./libMCAL.a(DIO.o)
 .data          0x0000000000800099        0x0 ./libMCAL.a(PORT.o)
 .data          0x0000000000800099        0x0 /home/nourmoharram/x-tools/avr/lib/gcc/avr/11.2.0/avr5/libgcc.a(_exit.o)
 .data          0x0000000000800099        0x0 /home/nourmoharram/x-tools/avr/lib/gcc/avr/11.2.0/avr5/libgcc.a(_copy_data.o)
 .data          0x0000000000800099        0x0 /home/nourmoharram/x-tools/avr/lib/gcc/avr/11.2.0/avr5/libgcc.a(_clear_bss.o)
 *(.data*)
 *(.gnu.linkonce.d*)
 *(.rodata)
 *(.rodata*)
 *(.gnu.linkonce.r*)
                0x000000000080009a                . = ALIGN (0x2)
 *fill*         0x0000000000800099        0x1 
                0x000000000080009a                _edata = .
                0x000000000080009a                PROVIDE (__data_end = .)

.bss            0x000000000080009a        0x6
                0x000000000080009a                PROVIDE (__bss_start = .)
 *(.bss)
 .bss           0x000000000080009a        0x0 /home/nourmoharram/x-tools/avr/lib/gcc/avr/11.2.0/../../../../avr/lib/avr5/crtatmega32.o
 .bss           0x000000000080009a        0x0 /tmp/cct2OWgh.o
 .bss           0x000000000080009a        0x6 /tmp/ccsTjhGC.o
                0x000000000080009a                Global_Timer_value
                0x000000000080009b                Local_PreviousState1
                0x000000000080009c                Local_PreviousState2
                0x000000000080009d                Local_PreviousState3
                0x000000000080009e                digit
                0x000000000080009f                tens
 .bss           0x00000000008000a0        0x0 /tmp/ccaBPjY7.o
 .bss           0x00000000008000a0        0x0 ./libHAL.a(LED.o)
 .bss           0x00000000008000a0        0x0 ./libHAL.a(SSD.o)
 .bss           0x00000000008000a0        0x0 ./libHAL.a(SWITCH.o)
 .bss           0x00000000008000a0        0x0 ./libHAL.a(LED_CONFIG.o)
 .bss           0x00000000008000a0        0x0 ./libHAL.a(SSD_CONFIG.o)
 .bss           0x00000000008000a0        0x0 ./libHAL.a(SWITCH_CONFIG.o)
 .bss           0x00000000008000a0        0x0 ./libMCAL.a(DIO.o)
 .bss           0x00000000008000a0        0x0 ./libMCAL.a(PORT.o)
 .bss           0x00000000008000a0        0x0 /home/nourmoharram/x-tools/avr/lib/gcc/avr/11.2.0/avr5/libgcc.a(_exit.o)
 .bss           0x00000000008000a0        0x0 /home/nourmoharram/x-tools/avr/lib/gcc/avr/11.2.0/avr5/libgcc.a(_copy_data.o)
 .bss           0x00000000008000a0        0x0 /home/nourmoharram/x-tools/avr/lib/gcc/avr/11.2.0/avr5/libgcc.a(_clear_bss.o)
 *(.bss*)
 *(COMMON)
                0x00000000008000a0                PROVIDE (__bss_end = .)
                0x0000000000001b7e                __data_load_start = LOADADDR (.data)
                0x0000000000001bb8                __data_load_end = (__data_load_start + SIZEOF (.data))

.noinit         0x00000000008000a0        0x0
                [!provide]                        PROVIDE (__noinit_start = .)
 *(.noinit .noinit.* .gnu.linkonce.n.*)
                [!provide]                        PROVIDE (__noinit_end = .)
                0x00000000008000a0                _end = .
                [!provide]                        PROVIDE (__heap_start = .)

.eeprom         0x0000000000810000        0x0
 *(.eeprom*)
                0x0000000000810000                __eeprom_end = .

.fuse
 *(.fuse)
 *(.lfuse)
 *(.hfuse)
 *(.efuse)

.lock
 *(.lock*)

.signature
 *(.signature*)

.stab
 *(.stab)

.stabstr
 *(.stabstr)

.stab.excl
 *(.stab.excl)

.stab.exclstr
 *(.stab.exclstr)

.stab.index
 *(.stab.index)

.stab.indexstr
 *(.stab.indexstr)

.comment        0x0000000000000000       0x2e
 *(.comment)
 .comment       0x0000000000000000       0x2e /tmp/cct2OWgh.o
                                         0x2f (size before relaxing)
 .comment       0x000000000000002e       0x2f /tmp/ccsTjhGC.o
 .comment       0x000000000000002e       0x2f /tmp/ccaBPjY7.o
 .comment       0x000000000000002e       0x2f ./libHAL.a(LED.o)
 .comment       0x000000000000002e       0x2f ./libHAL.a(SSD.o)
 .comment       0x000000000000002e       0x2f ./libHAL.a(SWITCH.o)
 .comment       0x000000000000002e       0x2f ./libHAL.a(LED_CONFIG.o)
 .comment       0x000000000000002e       0x2f ./libHAL.a(SSD_CONFIG.o)
 .comment       0x000000000000002e       0x2f ./libHAL.a(SWITCH_CONFIG.o)
 .comment       0x000000000000002e       0x2f ./libMCAL.a(DIO.o)
 .comment       0x000000000000002e       0x2f ./libMCAL.a(PORT.o)

.note.gnu.avr.deviceinfo
                0x0000000000000000       0x3c
 .note.gnu.avr.deviceinfo
                0x0000000000000000       0x3c /home/nourmoharram/x-tools/avr/lib/gcc/avr/11.2.0/../../../../avr/lib/avr5/crtatmega32.o

.note.gnu.build-id
 *(.note.gnu.build-id)

.debug
 *(.debug)

.line
 *(.line)

.debug_srcinfo
 *(.debug_srcinfo)

.debug_sfnames
 *(.debug_sfnames)

.debug_aranges
 *(.debug_aranges)

.debug_pubnames
 *(.debug_pubnames)

.debug_info     0x0000000000000000      0x4e6
 *(.debug_info .gnu.linkonce.wi.*)
 .debug_info    0x0000000000000000      0x4e6 /home/nourmoharram/x-tools/avr/lib/gcc/avr/11.2.0/../../../../avr/lib/avr5/crtatmega32.o

.debug_abbrev   0x0000000000000000      0x4a3
 *(.debug_abbrev)
 .debug_abbrev  0x0000000000000000      0x4a3 /home/nourmoharram/x-tools/avr/lib/gcc/avr/11.2.0/../../../../avr/lib/avr5/crtatmega32.o

.debug_line     0x0000000000000000       0x1d
 *(.debug_line .debug_line.* .debug_line_end)
 .debug_line    0x0000000000000000       0x1d /home/nourmoharram/x-tools/avr/lib/gcc/avr/11.2.0/../../../../avr/lib/avr5/crtatmega32.o

.debug_frame
 *(.debug_frame)

.debug_str      0x0000000000000000      0x196
 *(.debug_str)
 .debug_str     0x0000000000000000      0x196 /home/nourmoharram/x-tools/avr/lib/gcc/avr/11.2.0/../../../../avr/lib/avr5/crtatmega32.o

.debug_loc
 *(.debug_loc)

.debug_macinfo
 *(.debug_macinfo)

.debug_weaknames
 *(.debug_weaknames)

.debug_funcnames
 *(.debug_funcnames)

.debug_typenames
 *(.debug_typenames)

.debug_varnames
 *(.debug_varnames)

.debug_pubtypes
 *(.debug_pubtypes)

.debug_ranges
 *(.debug_ranges)

.debug_addr
 *(.debug_addr)

.debug_line_str
 *(.debug_line_str)

.debug_loclists
 *(.debug_loclists)

.debug_macro
 *(.debug_macro)

.debug_names
 *(.debug_names)

.debug_rnglists
 *(.debug_rnglists)

.debug_str_offsets
 *(.debug_str_offsets)

.debug_sup
 *(.debug_sup)
OUTPUT(program elf32-avr)
LOAD linker stubs
